exports[`<Navigation /> renders the navigation component 1`] = `
<div
  className="gDXCfh">
  <div
    className="ggHEkD">
    <ul
      className="ewkDTR">
      <h2
        className="iHvTYn">
        <a
          className="lkbuMz"
          href="/"
          onClick={[Function]}
          style={Object {}}>
          React Redux Boilerplate
        </a>
      </h2>
      <li
        className="cGPnAT">
        <a
          className="kWmceO"
          href="/cats"
          onClick={[Function]}
          style={Object {}}>
          Cats
        </a>
      </li>
      <li
        className="cGPnAT">
        <a
          className="kWmceO"
          href="/formWithCats"
          onClick={[Function]}
          style={Object {}}>
          Form with cats
        </a>
      </li>
    </ul>
  </div>
</div>
`;
