exports[`<Navigation /> renders the navigation component 1`] = `
<div
  className="doUeJG">
  <h1
    className="fktauX">
    <a
      className="jzyuq"
      href="/"
      onClick={[Function]}
      style={
        Object {
          "color": "LightSalmon",
        }
      }>
      React Redux Boilerplate
    </a>
  </h1>
  <ul
    className="mJDEk">
    <li
      className="eJOulI">
      <a
        className="csWFSb"
        href="/cats"
        onClick={[Function]}
        style={Object {}}>
        Cats
      </a>
    </li>
    <li
      className="eJOulI">
      <a
        className="csWFSb"
        href="/forms"
        onClick={[Function]}
        style={Object {}}>
        Forms
      </a>
    </li>
    <li
      className="eJOulI">
      <a
        className="csWFSb"
        href="/about"
        onClick={[Function]}
        style={Object {}}>
        About
      </a>
    </li>
  </ul>
</div>
`;
