// Jest Snapshot v1, https://goo.gl/fbAQLP

exports[`<Home /> renders the home container 1`] = `
<div>
  <h2
    className="bhiNsp"
  >
    Hello
  </h2>
  <p>
    This is a boilerplate for react/redux apps. It grabs data from a couple of public APIs (reddit, giphy, uifaces) and does some random stuff.
  </p>
</div>
`;
