// Jest Snapshot v1, https://goo.gl/fbAQLP

exports[`<Modal /> defaults when given no click event 1`] = `
<div
  className="sc-htoDjs kpoONz"
  onClick={[Function]}
>
  <div
    className="sc-dnqmqq CmCVf"
  >
    <div>
      A child component
    </div>
  </div>
</div>
`;

exports[`<Modal /> executes a passed click event 1`] = `
<div
  className="sc-htoDjs kpoONz"
  onClick={[Function]}
>
  <div
    className="sc-dnqmqq CmCVf"
  >
    <div>
      A child component
    </div>
  </div>
</div>
`;

exports[`<Modal /> renders a child component 1`] = `
<div
  className="sc-htoDjs kpoONz"
  onClick={[Function]}
>
  <div
    className="sc-dnqmqq CmCVf"
  >
    <div>
      A child component
    </div>
  </div>
</div>
`;
