// Jest Snapshot v1, https://goo.gl/fbAQLP

exports[`<FormWithCats /> renders the FormWithCats container integrated with redux form 1`] = `
<div
  className="sc-jzJRlG dPOBZH"
>
  <form
    className="sc-fjdhpX sEtGB"
    onSubmit={[Function]}
  >
    <h2
      className="sc-VigVT fCHYBY sc-gzVnrw iPQJMk"
    >
      Form.
    </h2>
    <div
      className="sc-bZQynM dAueZL"
    >
      <div
        className="sc-EHOje dGjzft"
      >
        Name:
      </div>
      <input
        className="sc-ifAKCX hOgGaX"
        name="name"
        onBlur={[Function]}
        onChange={[Function]}
        onDragStart={[Function]}
        onDrop={[Function]}
        onFocus={[Function]}
        placeholder=""
        type="text"
        value=""
      />
    </div>
    <div
      className="sc-bZQynM dAueZL"
    >
      <div
        className="sc-EHOje dGjzft"
      >
        Email:
      </div>
      <input
        className="sc-ifAKCX hOgGaX"
        name="email"
        onBlur={[Function]}
        onChange={[Function]}
        onDragStart={[Function]}
        onDrop={[Function]}
        onFocus={[Function]}
        placeholder=""
        type="text"
        value=""
      />
    </div>
    <div
      className="sc-bZQynM dAueZL"
    >
      <div
        className="sc-EHOje dGjzft"
      >
        Number:
      </div>
      <input
        className="sc-ifAKCX hOgGaX"
        name="number"
        onBlur={[Function]}
        onChange={[Function]}
        onDragStart={[Function]}
        onDrop={[Function]}
        onFocus={[Function]}
        placeholder=""
        type="text"
        value=""
      />
    </div>
    <button
      className="sc-jTzLTM bvEqpZ sc-bdVaJa dSvWeI"
      type="submit"
    >
      Submit the form.
    </button>
  </form>
</div>
`;

exports[`<FormWithCats /> renders the FormWithCats container with a random cat provided by redux 1`] = `
<div
  className="sc-jzJRlG dPOBZH"
>
  <div>
    <h2
      className="sc-VigVT fCHYBY sc-gzVnrw iPQJMk"
    >
      Here is your cat.
      <div
        className="sc-gqjmRU izGsDq"
        onClick={[Function]}
      >
        Try again?
      </div>
    </h2>
    <img
      alt=""
      src="https://media.giphy.com/media/JIX9t2j0ZTN9S/giphy.gif"
    />
  </div>
</div>
`;
